================================================================================
🧪 K-FORUM MODERATION SYSTEM TEST
================================================================================
OpenAI Key: ✅ Set
Gemini Key: ✅ Set
================================================================================

[Test #1] Normal conversation
Text: "Hello everyone, hope you are having a great day!"
✅ PASS | Expected: SAFE | Got: SAFE | Confidence: 10.0%

[Test #2] Feedback without abuse
Text: "I don't agree with this idea, but I respect your opinion."
✅ PASS | Expected: SAFE | Got: SAFE | Confidence: 10.0%

[Test #3] Reporting abuse (context)
Text: "Someone told me 'you are useless' and it really hurt."
❌ FAIL | Expected: SAFE | Got: UNSAFE | Confidence: 85.0%

[Test #4] Non-abusive slang
Text: "That game was crazy hard, I almost gave up."
✅ PASS | Expected: SAFE | Got: SAFE | Confidence: 10.0%

[Test #5] Multi-language safe (Hindi)
Text: "Aaj ka din kaafi acha tha"
✅ PASS | Expected: SAFE | Got: SAFE | Confidence: 10.0%

[Test #6] Arabic (safe)
Text: "أتمنى لكم يوماً سعيداً"
✅ PASS | Expected: SAFE | Got: SAFE | Confidence: 10.0%

[Test #7] Direct insult
Text: "You are stupid and useless."
✅ PASS | Expected: UNSAFE | Got: UNSAFE | Confidence: 100.0%

[Test #8] Threatening tone
Text: "If you don't stop, you'll regret it."
✅ PASS | Expected: UNSAFE | Got: UNSAFE | Confidence: 70.0%

[Test #9] Harassment without bad words
Text: "Nobody likes you, just leave already."
✅ PASS | Expected: UNSAFE | Got: UNSAFE | Confidence: 90.0%

[Test #10] Hate-style targeting
Text: "People like you ruin everything."
✅ PASS | Expected: UNSAFE | Got: UNSAFE | Confidence: 90.0%

[Test #11] Hinglish (mixed language)
Text: "Tu bilkul useless hai, go away."
✅ PASS | Expected: UNSAFE | Got: UNSAFE | Confidence: 100.0%

[Test #12] Romanized slang
Text: "You are pagal and dumb."
✅ PASS | Expected: UNSAFE | Got: UNSAFE | Confidence: 80.0%

[Test #13] Spanish insult
Text: "Eres una persona horrible."
✅ PASS | Expected: UNSAFE | Got: UNSAFE | Confidence: 65.0%

[Test #14] Arabic insult
Text: "أنت شخص سيء جداً"
❌ FAIL | Expected: UNSAFE | Got: SAFE | Confidence: 10.0%

[Test #15] Sarcasm
Text: "Wow, you are really smart… not."
❌ FAIL | Expected: UNSAFE | Got: SAFE | Confidence: 10.0%

[Test #16] Emoji abuse
Text: "You are trash 🤡💀"
✅ PASS | Expected: UNSAFE | Got: UNSAFE | Confidence: 85.0%

[Test #17] Masked words
Text: "You are st*pid and usel3ss."
✅ PASS | Expected: UNSAFE | Got: UNSAFE | Confidence: 65.0%

[Test #18] Repeated harassment
Text: "Go away. Nobody wants you here. Just leave."
✅ PASS | Expected: UNSAFE | Got: UNSAFE | Confidence: 100.0%

[Test #19] Hindi explicit
Text: "Tu madharchod hai"
✅ PASS | Expected: UNSAFE | Got: UNSAFE | Confidence: 65.0%

[Test #20] Hindi slang
Text: "bhenchod stop it"
✅ PASS | Expected: UNSAFE | Got: UNSAFE | Confidence: 65.0%

[Test #21] English explicit
Text: "What the fuck is this"
✅ PASS | Expected: UNSAFE | Got: UNSAFE | Confidence: 65.0%

[Test #22] Obfuscated Hindi
Text: "m@dharch0d"
✅ PASS | Expected: UNSAFE | Got: UNSAFE | Confidence: 65.0%

[Test #23] Spaced letters
Text: "f.u.c.k you"
✅ PASS | Expected: UNSAFE | Got: UNSAFE | Confidence: 65.0%

================================================================================
📊 TEST SUMMARY
================================================================================
Total Tests: 23
✅ Passed: 20
❌ Failed: 3
Success Rate: 87.0%
================================================================================

❌ FAILED TESTS:
  #3 [Reporting abuse (context)]: Expected SAFE, Got UNSAFE (85%)
  #14 [Arabic insult]: Expected UNSAFE, Got SAFE (10%)
  #15 [Sarcasm]: Expected UNSAFE, Got SAFE (10%)